// Jest Snapshot v1, https://goo.gl/fbAQLP

exports[`Tests in <TodoList /> should display correctly 1`] = `
<ul
  className="list-group"
>
  <TodoListItem
    handleDelete={[MockFunction]}
    handleToggle={[MockFunction]}
    index={0}
    key="1"
    task={
      Object {
        "description": "Learn React",
        "done": false,
        "id": 1,
      }
    }
  />
  <TodoListItem
    handleDelete={[MockFunction]}
    handleToggle={[MockFunction]}
    index={1}
    key="2"
    task={
      Object {
        "description": "Learn Mongo",
        "done": false,
        "id": 2,
      }
    }
  />
</ul>
`;
