// Jest Snapshot v1, https://goo.gl/fbAQLP

exports[`Tests into GifGrid component should show the component alright 1`] = `
<Fragment>
  <h3>
     
    One Punch
     
  </h3>
  <p
    className="animate__animated animate__bounce"
  >
    Loading...
  </p>
  <div
    className="card-grid"
  />
</Fragment>
`;
